To honour the JVM settings for this build a single-use Daemon process will be forked. For more on this, please refer to https://docs.gradle.org/8.10.2/userguide/gradle_daemon.html#sec:disabling_the_daemon in the Gradle documentation.
Daemon will be stopped at the end of the build 
> Task :checkKotlinGradlePluginConfigurationErrors
> Task :compileKotlin UP-TO-DATE
> Task :compileJava NO-SOURCE
> Task :processResources NO-SOURCE
> Task :classes UP-TO-DATE

> Task :run
===== FLOW CONFORMANCE REPORT =====
PASS intent.valid.build-test-deploy
PASS intent.invalid.argocd-missing-config
PASS target.strict.tekton-approval-unsupported
PASS generator.manifest.jenkins
PASS generator.manifest.github-actions
PASS generator.manifest.tekton.partial
PASS intent.yaml.flow-style
PASS snapshots.e2e.files-exist
PASS snapshots.e2e.content
PASS snapshots.rendered.standard-version
PASS standard.catalog.coverage
PASS standard.capability-contracts
PASS intent.canonical-meaning.inventory-independent
PASS intent.effects.universal-state-transition-model
PASS intent.controls.universal-policy-requirements
PASS planning.topology.abstract-execution-model
PASS intent.lowering.diagnostic-honesty
PASS flow.environment-safety.production-integration
PASS intent.design-report
PASS architecture.core-no-jackson-imports
PASS architecture.modules-do-not-own-target-rendering
PASS ai.normalization.deployment
PASS ai.normalization.full-pipeline-validation
PASS ai.normalization.required-question
PASS schemas.public-outputs
PASS scenario-packs.catalog
PASS scenario-packs.normalization.full-pipelines
PASS scenario-packs.regression-coverage
PASS v0.3.1.scenario-packs
PASS v0.3.1.capability-negotiation
PASS v0.3.2.execution-plan.canonical
PASS v0.3.2.safety-policy-validation
PASS v0.3.4.capability-module-contracts
PASS v0.3.5.intent-decision-model
PASS v0.3.6.execution-plan-portability
PASS v0.3.7.execution-readiness
PASS v0.3.8.target-selection
PASS v0.3.9.target-decision-trace
PASS v0.3.10.public-artifact-bundle
PASS v0.3.11.conformance-manifest
PASS v0.3.12.target-adapter-contract
PASS v0.3.13.standard-diagnostic-catalog
PASS v0.3.14.diagnostic-coverage-report
PASS v0.3.15.artifact-integrity-report
PASS v0.3.16.standard-contract-index
PASS v0.3.17.standard-release-profile
PASS v0.3.18.artifact-evidence-report
PASS v0.3.19.standard-compliance-report
PASS v0.3.20.standard-freeze-report
PASS v0.3.21.compatibility-policy
PASS v0.3.22.reference-corpus
PASS v0.3.23.negative-conformance-corpus
PASS v0.4.2.target-conformance-profile
PASS v0.4.0.public-standard-draft
PASS v0.4.1.semantic-correctness-hardening
PASS v0.4.2.standard-boundary-no-sdk-runtime
PASS v0.4.3.architecture-governance-guardrails
PASS v0.4.4.ai-proposal-review
PASS v0.4.4.condition-expression-readiness
PASS v0.4.4.no-silent-condition-fallback
PASS v0.4.4.behavioral-generator-equivalence
PASS v0.4.5.standard-surface-freeze
PASS v0.4.6.compatibility-migration-policy
PASS v0.4.7.reference-intent-corpus
PASS v0.4.8.target-semantics-matrix
PASS v0.4.9.standard-export-bundle
PASS v0.5.0.standard-export-manifest
PASS v0.5.3.standard-bundle-verifier
PASS v0.5.4.data-driven-conformance-index
PASS v0.6.1.intent-corpus-expansion
PASS v0.6.2.required-clarification-contract
PASS v0.6.3.safety-policy-matrix
PASS v0.6.4.target-semantics-negative-corpus
PASS v0.6.5.execution-plan-semantic-invariants
PASS v0.6.6.ai-input-trust-boundary
PASS v0.6.7.standard-example-bundle
PASS v0.6.8.compatibility-promise
PASS v0.7.0.reference-corpus-execution-harness
PASS v0.7.1.architecture-debt-cleanup-and-drift-enforcement
PASS v0.7.3.standard-model-projection-coherence
PASS v0.7.4.architecture-delta-analyzer
PASS v0.7.5.purpose-coverage-ratio
PASS v0.8.x.core-contract-check
PASS v0.8.x.scenario-pack-quality
-----
Passed: 84
Failed: 0
===== FLOW CONFORMANCE MANIFEST JSON =====
{
  "standardVersion" : "0.8.0",
  "conformanceManifestVersion" : "1.0",
  "implementation" : "flow-kotlin-cli",
  "status" : "PASS",
  "totalChecks" : 84,
  "passed" : 84,
  "failed" : 0,
  "areas" : [ {
    "area" : "ai",
    "requiredChecks" : 3,
    "passed" : 3,
    "failed" : 0
  }, {
    "area" : "architecture",
    "requiredChecks" : 2,
    "passed" : 2,
    "failed" : 0
  }, {
    "area" : "flow",
    "requiredChecks" : 1,
    "passed" : 1,
    "failed" : 0
  }, {
    "area" : "generator",
    "requiredChecks" : 3,
    "passed" : 3,
    "failed" : 0
  }, {
    "area" : "intent",
    "requiredChecks" : 8,
    "passed" : 8,
    "failed" : 0
  }, {
    "area" : "planning",
    "requiredChecks" : 1,
    "passed" : 1,
    "failed" : 0
  }, {
    "area" : "scenario-packs",
    "requiredChecks" : 3,
    "passed" : 3,
    "failed" : 0
  }, {
    "area" : "schemas",
    "requiredChecks" : 1,
    "passed" : 1,
    "failed" : 0
  }, {
    "area" : "snapshots",
    "requiredChecks" : 3,
    "passed" : 3,
    "failed" : 0
  }, {
    "area" : "standard",
    "requiredChecks" : 2,
    "passed" : 2,
    "failed" : 0
  }, {
    "area" : "target",
    "requiredChecks" : 1,
    "passed" : 1,
    "failed" : 0
  }, {
    "area" : "v0",
    "requiredChecks" : 56,
    "passed" : 56,
    "failed" : 0
  } ],
  "requiredChecks" : [ "intent.valid.build-test-deploy", "intent.invalid.argocd-missing-config", "target.strict.tekton-approval-unsupported", "generator.manifest.jenkins", "generator.manifest.github-actions", "generator.manifest.tekton.partial", "intent.yaml.flow-style", "snapshots.e2e.files-exist", "snapshots.e2e.content", "snapshots.rendered.standard-version", "standard.catalog.coverage", "standard.capability-contracts", "intent.canonical-meaning.inventory-independent", "intent.effects.universal-state-transition-model", "intent.controls.universal-policy-requirements", "planning.topology.abstract-execution-model", "intent.lowering.diagnostic-honesty", "flow.environment-safety.production-integration", "intent.design-report", "architecture.core-no-jackson-imports", "architecture.modules-do-not-own-target-rendering", "ai.normalization.deployment", "ai.normalization.full-pipeline-validation", "ai.normalization.required-question", "schemas.public-outputs", "scenario-packs.catalog", "scenario-packs.normalization.full-pipelines", "scenario-packs.regression-coverage", "v0.3.1.scenario-packs", "v0.3.1.capability-negotiation", "v0.3.2.execution-plan.canonical", "v0.3.2.safety-policy-validation", "v0.3.4.capability-module-contracts", "v0.3.5.intent-decision-model", "v0.3.6.execution-plan-portability", "v0.3.7.execution-readiness", "v0.3.8.target-selection", "v0.3.9.target-decision-trace", "v0.3.10.public-artifact-bundle", "v0.3.11.conformance-manifest", "v0.3.12.target-adapter-contract", "v0.3.13.standard-diagnostic-catalog", "v0.3.14.diagnostic-coverage-report", "v0.3.15.artifact-integrity-report", "v0.3.16.standard-contract-index", "v0.3.17.standard-release-profile", "v0.3.18.artifact-evidence-report", "v0.3.19.standard-compliance-report", "v0.3.20.standard-freeze-report", "v0.3.21.compatibility-policy", "v0.3.22.reference-corpus", "v0.3.23.negative-conformance-corpus", "v0.4.2.target-conformance-profile", "v0.4.0.public-standard-draft", "v0.4.1.semantic-correctness-hardening", "v0.4.2.standard-boundary-no-sdk-runtime", "v0.4.3.architecture-governance-guardrails", "v0.4.4.ai-proposal-review", "v0.4.4.condition-expression-readiness", "v0.4.4.no-silent-condition-fallback", "v0.4.4.behavioral-generator-equivalence", "v0.4.5.standard-surface-freeze", "v0.4.6.compatibility-migration-policy", "v0.4.7.reference-intent-corpus", "v0.4.8.target-semantics-matrix", "v0.4.9.standard-export-bundle", "v0.5.0.standard-export-manifest", "v0.5.3.standard-bundle-verifier", "v0.5.4.data-driven-conformance-index", "v0.6.1.intent-corpus-expansion", "v0.6.2.required-clarification-contract", "v0.6.3.safety-policy-matrix", "v0.6.4.target-semantics-negative-corpus", "v0.6.5.execution-plan-semantic-invariants", "v0.6.6.ai-input-trust-boundary", "v0.6.7.standard-example-bundle", "v0.6.8.compatibility-promise", "v0.7.0.reference-corpus-execution-harness", "v0.7.1.architecture-debt-cleanup-and-drift-enforcement", "v0.7.3.standard-model-projection-coherence", "v0.7.4.architecture-delta-analyzer", "v0.7.5.purpose-coverage-ratio", "v0.8.x.core-contract-check", "v0.8.x.scenario-pack-quality" ],
  "failedChecks" : [ ],
  "vectors" : [ {
    "path" : "conformance/architecture/architecture-governance-guardrails.conformance.yaml",
    "area" : "architecture",
    "required" : true
  }, {
    "path" : "conformance/architecture/standard-boundary-no-sdk-runtime.conformance.yaml",
    "area" : "architecture",
    "required" : true
  }, {
    "path" : "conformance/artifacts/artifact-evidence-report.conformance.yaml",
    "area" : "artifacts",
    "required" : true
  }, {
    "path" : "conformance/artifacts/artifact-integrity-report.conformance.yaml",
    "area" : "artifacts",
    "required" : true
  }, {
    "path" : "conformance/artifacts/compatibility-migration-policy.conformance.yaml",
    "area" : "artifacts",
    "required" : true
  }, {
    "path" : "conformance/artifacts/compatibility-policy.conformance.yaml",
    "area" : "artifacts",
    "required" : true
  }, {
    "path" : "conformance/artifacts/flow-standard-draft.conformance.yaml",
    "area" : "artifacts",
    "required" : true
  }, {
    "path" : "conformance/artifacts/negative-conformance-corpus.conformance.yaml",
    "area" : "artifacts",
    "required" : true
  }, {
    "path" : "conformance/artifacts/public-artifact-bundle.conformance.yaml",
    "area" : "artifacts",
    "required" : true
  }, {
    "path" : "conformance/artifacts/public-standard-surface.conformance.yaml",
    "area" : "artifacts",
    "required" : true
  }, {
    "path" : "conformance/artifacts/reference-corpus-index.conformance.yaml",
    "area" : "artifacts",
    "required" : true
  }, {
    "path" : "conformance/artifacts/standard-compliance-report.conformance.yaml",
    "area" : "artifacts",
    "required" : true
  }, {
    "path" : "conformance/artifacts/standard-contract-index.conformance.yaml",
    "area" : "artifacts",
    "required" : true
  }, {
    "path" : "conformance/artifacts/standard-export-bundle.conformance.yaml",
    "area" : "artifacts",
    "required" : true
  }, {
    "path" : "conformance/artifacts/standard-export-manifest.conformance.yaml",
    "area" : "artifacts",
    "required" : true
  }, {
    "path" : "conformance/artifacts/standard-freeze-report.conformance.yaml",
    "area" : "artifacts",
    "required" : true
  }, {
    "path" : "conformance/artifacts/standard-release-profile.conformance.yaml",
    "area" : "artifacts",
    "required" : true
  }, {
    "path" : "conformance/artifacts/target-conformance-profile.conformance.yaml",
    "area" : "artifacts",
    "required" : true
  }, {
    "path" : "conformance/capabilities/argocd-config-required.yaml",
    "area" : "capabilities",
    "required" : true
  }, {
    "path" : "conformance/conformance-manifest.conformance.yaml",
    "area" : "conformance-manifest.conformance.yaml",
    "required" : true
  }, {
    "path" : "conformance/diagnostics/diagnostic-coverage-report.conformance.yaml",
    "area" : "diagnostics",
    "required" : true
  }, {
    "path" : "conformance/diagnostics/standard-diagnostic-catalog.conformance.yaml",
    "area" : "diagnostics",
    "required" : true
  }, {
    "path" : "conformance/execution-plan/canonical-lowercase.conformance.yaml",
    "area" : "execution-plan",
    "required" : true
  }, {
    "path" : "conformance/execution-plan/dag-parallel-level.yaml",
    "area" : "execution-plan",
    "required" : true
  }, {
    "path" : "conformance/generators/behavioral-generator-equivalence.conformance.yaml",
    "area" : "generators",
    "required" : true
  }, {
    "path" : "conformance/generators/github-actions-manifest.conformance.yaml",
    "area" : "generators",
    "required" : true
  }, {
    "path" : "conformance/generators/jenkins-manifest.conformance.yaml",
    "area" : "generators",
    "required" : true
  }, {
    "path" : "conformance/intent/ai-proposal-review.conformance.yaml",
    "area" : "intent",
    "required" : true
  }, {
    "path" : "conformance/intent/argocd-missing-config.conformance.yaml",
    "area" : "intent",
    "required" : true
  }, {
    "path" : "conformance/intent/build-test-deploy.conformance.yaml",
    "area" : "intent",
    "required" : true
  }, {
    "path" : "conformance/intent/certificate-renewal.conformance.yaml",
    "area" : "intent",
    "required" : true
  }, {
    "path" : "conformance/intent/cleanup-with-retention.conformance.yaml",
    "area" : "intent",
    "required" : true
  }, {
    "path" : "conformance/intent/cleanup-without-retention.conformance.yaml",
    "area" : "intent",
    "required" : true
  }, {
    "path" : "conformance/intent/database-migration.conformance.yaml",
    "area" : "intent",
    "required" : true
  }, {
    "path" : "conformance/intent/intent-decision-model.conformance.yaml",
    "area" : "intent",
    "required" : true
  }, {
    "path" : "conformance/intent/kubernetes-maintenance-missing-dry-run.conformance.yaml",
    "area" : "intent",
    "required" : true
  }, {
    "path" : "conformance/intent/kubernetes-maintenance.conformance.yaml",
    "area" : "intent",
    "required" : true
  }, {
    "path" : "conformance/intent/reference-intent-corpus.conformance.yaml",
    "area" : "intent",
    "required" : true
  }, {
    "path" : "conformance/intent/semantic-correctness-hardening.conformance.yaml",
    "area" : "intent",
    "required" : true
  }, {
    "path" : "conformance/modules/capability-module-contract.conformance.yaml",
    "area" : "modules",
    "required" : true
  }, {
    "path" : "conformance/snapshots/build-test-deploy/jenkins.review.yaml",
    "area" : "snapshots",
    "required" : true
  }, {
    "path" : "conformance/snapshots/checkout-build-image/jenkins.executable.yaml",
    "area" : "snapshots",
    "required" : true
  }, {
    "path" : "conformance/standard/ai-input-trust-boundary.conformance.yaml",
    "area" : "standard",
    "required" : true
  }, {
    "path" : "conformance/standard/architecture-debt-cleanup-and-drift-enforcement.conformance.yaml",
    "area" : "standard",
    "required" : true
  }, {
    "path" : "conformance/standard/architecture-delta-analyzer.conformance.yaml",
    "area" : "standard",
    "required" : true
  }, {
    "path" : "conformance/standard/compatibility-promise.conformance.yaml",
    "area" : "standard",
    "required" : true
  }, {
    "path" : "conformance/standard/core-contract-check.conformance.yaml",
    "area" : "standard",
    "required" : true
  }, {
    "path" : "conformance/standard/data-driven-conformance-index.conformance.yaml",
    "area" : "standard",
    "required" : true
  }, {
    "path" : "conformance/standard/execution-plan-semantic-invariants.conformance.yaml",
    "area" : "standard",
    "required" : true
  }, {
    "path" : "conformance/standard/intent-corpus-expansion.conformance.yaml",
    "area" : "standard",
    "required" : true
  }, {
    "path" : "conformance/standard/purpose-coverage-ratio.conformance.yaml",
    "area" : "standard",
    "required" : true
  }, {
    "path" : "conformance/standard/reference-corpus-execution-harness.conformance.yaml",
    "area" : "standard",
    "required" : true
  }, {
    "path" : "conformance/standard/required-clarification-contract.conformance.yaml",
    "area" : "standard",
    "required" : true
  }, {
    "path" : "conformance/standard/review-fixes-v0.8.0.conformance.yaml",
    "area" : "standard",
    "required" : true
  }, {
    "path" : "conformance/standard/safety-policy-matrix.conformance.yaml",
    "area" : "standard",
    "required" : true
  }, {
    "path" : "conformance/standard/scenario-pack-quality.conformance.yaml",
    "area" : "standard",
    "required" : true
  }, {
    "path" : "conformance/standard/standard-bundle-verifier.conformance.yaml",
    "area" : "standard",
    "required" : true
  }, {
    "path" : "conformance/standard/standard-example-bundle.conformance.yaml",
    "area" : "standard",
    "required" : true
  }, {
    "path" : "conformance/standard/standard-model-projection-coherence.conformance.yaml",
    "area" : "standard",
    "required" : true
  }, {
    "path" : "conformance/standard/target-semantics-negative-corpus.conformance.yaml",
    "area" : "standard",
    "required" : true
  }, {
    "path" : "conformance/targets/capability-negotiation.conformance.yaml",
    "area" : "targets",
    "required" : true
  }, {
    "path" : "conformance/targets/condition-expression-readiness.conformance.yaml",
    "area" : "targets",
    "required" : true
  }, {
    "path" : "conformance/targets/execution-plan-portability.conformance.yaml",
    "area" : "targets",
    "required" : true
  }, {
    "path" : "conformance/targets/execution-readiness.conformance.yaml",
    "area" : "targets",
    "required" : true
  }, {
    "path" : "conformance/targets/no-silent-condition-fallback.conformance.yaml",
    "area" : "targets",
    "required" : true
  }, {
    "path" : "conformance/targets/target-adapter-contract.conformance.yaml",
    "area" : "targets",
    "required" : true
  }, {
    "path" : "conformance/targets/target-decision-trace.conformance.yaml",
    "area" : "targets",
    "required" : true
  }, {
    "path" : "conformance/targets/target-selection.conformance.yaml",
    "area" : "targets",
    "required" : true
  }, {
    "path" : "conformance/targets/target-semantics-matrix.conformance.yaml",
    "area" : "targets",
    "required" : true
  }, {
    "path" : "conformance/targets/tekton-approval-strict.conformance.yaml",
    "area" : "targets",
    "required" : true
  }, {
    "path" : "conformance/targets/tekton-approval-unsupported.yaml",
    "area" : "targets",
    "required" : true
  } ],
  "publicSchemas" : [ {
    "artifact" : "normalized-intent.json",
    "schema" : "schemas/intent.schema.json",
    "required" : true
  }, {
    "artifact" : "intent-design-report.json",
    "schema" : "schemas/intent-design-report.schema.json",
    "required" : true
  }, {
    "artifact" : "intent-decision-report.json",
    "schema" : "schemas/intent-decision-report.schema.json",
    "required" : true
  }, {
    "artifact" : "intent-capability-validation-report.json",
    "schema" : "schemas/intent-capability-validation-report.schema.json",
    "required" : true
  }, {
    "artifact" : "flow-ast.json",
    "schema" : "schemas/ast.schema.json",
    "required" : true
  }, {
    "artifact" : "validation-report.json",
    "schema" : "schemas/validation-report.schema.json",
    "required" : true
  }, {
    "artifact" : "execution-plan.json",
    "schema" : "schemas/execution-plan.schema.json",
    "required" : true
  }, {
    "artifact" : "canonical-execution-plan.json",
    "schema" : "schemas/execution-plan.schema.json",
    "required" : true
  }, {
    "artifact" : "compatibility-report.json",
    "schema" : "schemas/compatibility-report.schema.json",
    "required" : true
  }, {
    "artifact" : "capability-negotiation-report.json",
    "schema" : "schemas/capability-negotiation-report.schema.json",
    "required" : true
  }, {
    "artifact" : "execution-readiness-report.json",
    "schema" : "schemas/execution-readiness-report.schema.json",
    "required" : true
  }, {
    "artifact" : "target-selection-report.json",
    "schema" : "schemas/target-selection-report.schema.json",
    "required" : true
  }, {
    "artifact" : "target-decision-trace-report.json",
    "schema" : "schemas/target-decision-trace-report.schema.json",
    "required" : true
  }, {
    "artifact" : "target-adapter-contract.json",
    "schema" : "schemas/target-adapter-contract.schema.json",
    "required" : true
  }, {
    "artifact" : "adapter-diagnostics.json",
    "schema" : "schemas/adapter-diagnostics.schema.json",
    "required" : true
  }, {
    "artifact" : "diagnostic-coverage-report.json",
    "schema" : "schemas/diagnostic-coverage-report.schema.json",
    "required" : true
  }, {
    "artifact" : "artifact-integrity-report.json",
    "schema" : "schemas/artifact-integrity-report.schema.json",
    "required" : true
  }, {
    "artifact" : "standard-contract-index.json",
    "schema" : "schemas/standard-contract-index.schema.json",
    "required" : true
  }, {
    "artifact" : "standard-release-profile.json",
    "schema" : "schemas/standard-release-profile.schema.json",
    "required" : true
  }, {
    "artifact" : "artifact-evidence-report.json",
    "schema" : "schemas/artifact-evidence-report.schema.json",
    "required" : true
  }, {
    "artifact" : "standard-compliance-report.json",
    "schema" : "schemas/standard-compliance-report.schema.json",
    "required" : true
  }, {
    "artifact" : "standard-freeze-report.json",
    "schema" : "schemas/standard-freeze-report.schema.json",
    "required" : true
  }, {
    "artifact" : "compatibility-policy.json",
    "schema" : "schemas/compatibility-policy.schema.json",
    "required" : true
  }, {
    "artifact" : "reference-corpus-index.json",
    "schema" : "schemas/reference-corpus-index.schema.json",
    "required" : true
  }, {
    "artifact" : "negative-conformance-corpus.json",
    "schema" : "schemas/negative-conformance-corpus.schema.json",
    "required" : true
  }, {
    "artifact" : "target-conformance-profile.json",
    "schema" : "schemas/target-conformance-profile.schema.json",
    "required" : true
  }, {
    "artifact" : "public-standard-surface.json",
    "schema" : "schemas/public-standard-surface.schema.json",
    "required" : true
  }, {
    "artifact" : "compatibility-migration-policy.json",
    "schema" : "schemas/compatibility-migration-policy.schema.json",
    "required" : true
  }, {
    "artifact" : "reference-intent-corpus.json",
    "schema" : "schemas/reference-intent-corpus.schema.json",
    "required" : true
  }, {
    "artifact" : "target-semantics-matrix.json",
    "schema" : "schemas/target-semantics-matrix.schema.json",
    "required" : true
  }, {
    "artifact" : "standard-export-bundle.json",
    "schema" : "schemas/standard-export-bundle.schema.json",
    "required" : true
  }, {
    "artifact" : "conformance-levels.json",
    "schema" : "schemas/conformance-levels.schema.json",
    "required" : true
  }, {
    "artifact" : "standard-export-manifest.json",
    "schema" : "schemas/standard-export-manifest.schema.json",
    "required" : true
  }, {
    "artifact" : "conformance-vector-index.json",
    "schema" : "schemas/conformance-vector-index.schema.json",
    "required" : true
  }, {
    "artifact" : "standard-index.json",
    "schema" : "schemas/standard-index.schema.json",
    "required" : true
  }, {
    "artifact" : "conformance-suite.json",
    "schema" : "schemas/conformance-suite.schema.json",
    "required" : true
  }, {
    "artifact" : "flow-standard-draft.json",
    "schema" : "schemas/flow-standard-draft.schema.json",
    "required" : true
  }, {
    "artifact" : "standard-diagnostic-catalog.json",
    "schema" : "schemas/standard-diagnostic-catalog.schema.json",
    "required" : true
  }, {
    "artifact" : "flow-artifact-bundle.json",
    "schema" : "schemas/flow-artifact-bundle.schema.json",
    "required" : true
  }, {
    "artifact" : "standard-bundle-verification.json",
    "schema" : "schemas/standard-bundle-verification.schema.json",
    "required" : false
  }, {
    "artifact" : "target-manifest.json",
    "schema" : "schemas/target-manifest.schema.json",
    "required" : false
  }, {
    "artifact" : "capability-module-contract-report.json",
    "schema" : "schemas/capability-module-contract-report.schema.json",
    "required" : true
  }, {
    "artifact" : "conformance-manifest.json",
    "schema" : "schemas/conformance-manifest.schema.json",
    "required" : true
  } ],
  "requiredArtifacts" : [ "standard-version.txt", "normalized-intent.json", "intent-decision-report.json", "execution-plan.json", "canonical-execution-plan.json", "capability-negotiation-report.json", "execution-readiness-report.json", "target-selection-report.json", "target-decision-trace-report.json", "target-adapter-contract.json", "adapter-diagnostics.json", "diagnostic-coverage-report.json", "artifact-integrity-report.json", "standard-contract-index.json", "standard-release-profile.json", "artifact-evidence-report.json", "standard-compliance-report.json", "standard-freeze-report.json", "compatibility-policy.json", "reference-corpus-index.json", "negative-conformance-corpus.json", "target-conformance-profile.json", "public-standard-surface.json", "compatibility-migration-policy.json", "reference-intent-corpus.json", "target-semantics-matrix.json", "standard-export-bundle.json", "conformance-levels.json", "standard-export-manifest.json", "conformance-vector-index.json", "standard-index.json", "conformance-suite.json", "flow-standard-draft.json", "standard-diagnostic-catalog.json", "flow-artifact-bundle.json", "conformance-manifest.json" ]
}
gradle/actions: Writing build results to /home/runner/work/_temp/.gradle-actions/build-results/__run_8-1784799659064.json

BUILD SUCCESSFUL in 18s
3 actionable tasks: 2 executed, 1 up-to-date
