To honour the JVM settings for this build a single-use Daemon process will be forked. For more on this, please refer to https://docs.gradle.org/8.10.2/userguide/gradle_daemon.html#sec:disabling_the_daemon in the Gradle documentation.
Daemon will be stopped at the end of the build 
> Task :checkKotlinGradlePluginConfigurationErrors
> Task :compileKotlin
w: file:///home/runner/work/FlowAi/FlowAi/src/main/kotlin/org/flowlang/intent/IntentToAstPlanner.kt:273:48 Parameter 'intent' is never used

> Task :compileJava NO-SOURCE
> Task :processResources NO-SOURCE
> Task :classes UP-TO-DATE

> Task :run
===== REFERENCE SNAPSHOT INDEX =====
{
  "snapshotVersion" : "2.0",
  "versionBoundary" : {
    "implementationPackageVersion" : "0.9.5",
    "publicStandardVersion" : "0.8.0",
    "artifactContractVersion" : "2.0",
    "targetManifestVersion" : "2.0"
  },
  "standardVersion" : "0.8.0",
  "scenarioId" : "build-test-deploy",
  "overallState" : "MIXED",
  "executable" : false,
  "artifacts" : [ {
    "file" : "normalized-intent.json",
    "layer" : "SEMANTIC_INPUT",
    "state" : "SEMANTIC_ONLY",
    "executable" : false
  }, {
    "file" : "flow-ast.json",
    "layer" : "SEMANTIC_AST",
    "state" : "SEMANTIC_ONLY",
    "executable" : false
  }, {
    "file" : "execution-plan.json",
    "layer" : "SEMANTIC_PLAN",
    "state" : "SEMANTIC_ONLY",
    "executable" : false
  }, {
    "file" : "github-actions.review.yaml",
    "layer" : "TARGET_PROJECTION",
    "state" : "REVIEW_ONLY",
    "executable" : false,
    "target" : "github-actions"
  }, {
    "file" : "jenkins.review.yaml",
    "layer" : "TARGET_PROJECTION",
    "state" : "REVIEW_ONLY",
    "executable" : false,
    "target" : "jenkins"
  }, {
    "file" : "tekton.blocked.json",
    "layer" : "TARGET_PROJECTION",
    "state" : "FAIL_FAST",
    "executable" : false,
    "target" : "tekton"
  } ],
  "targets" : [ {
    "target" : "github-actions",
    "capabilityCompatibility" : "PARTIAL",
    "effectiveCompatibility" : "PARTIAL",
    "materializationReadiness" : "REVIEW_REQUIRED",
    "projectionReadiness" : "REVIEW_ONLY",
    "renderMode" : "REVIEW_ONLY",
    "executable" : false,
    "manifestPresent" : true,
    "renderedArtifactPresent" : true,
    "blockers" : [ ]
  }, {
    "target" : "jenkins",
    "capabilityCompatibility" : "SUPPORTED",
    "effectiveCompatibility" : "PARTIAL",
    "materializationReadiness" : "REVIEW_REQUIRED",
    "projectionReadiness" : "REVIEW_ONLY",
    "renderMode" : "REVIEW_ONLY",
    "executable" : false,
    "manifestPresent" : true,
    "renderedArtifactPresent" : true,
    "blockers" : [ ]
  }, {
    "target" : "tekton",
    "capabilityCompatibility" : "UNSUPPORTED",
    "effectiveCompatibility" : "UNSUPPORTED",
    "materializationReadiness" : "NOT_EVALUATED",
    "projectionReadiness" : "FAIL_FAST",
    "renderMode" : "FAIL_FAST",
    "executable" : false,
    "manifestPresent" : false,
    "renderedArtifactPresent" : false,
    "blockers" : [ {
      "code" : "TARGET_COMPATIBILITY_BLOCKED",
      "nodeId" : "approve_1",
      "feature" : "approvals",
      "message" : "Feature 'approvals' is not supported by target 'tekton'.",
      "source" : "compatibility-report.json"
    }, {
      "code" : "TARGET_COMPATIBILITY_BLOCKED",
      "nodeId" : "standard_rollback_1",
      "feature" : "standard.rollback",
      "message" : "Feature 'standard.rollback' is not supported by target 'tekton'.",
      "source" : "compatibility-report.json"
    }, {
      "code" : "TARGET_UNSUPPORTED_CAPABILITY",
      "nodeId" : "",
      "feature" : "approval.manual",
      "message" : "Target 'tekton' does not support required capability 'approval.manual'.",
      "source" : "execution-readiness-report.json"
    }, {
      "code" : "TARGET_UNSUPPORTED_CAPABILITY",
      "nodeId" : "",
      "feature" : "standard.rollback",
      "message" : "Target 'tekton' does not support required capability 'standard.rollback'.",
      "source" : "execution-readiness-report.json"
    }, {
      "code" : "TARGET_UNSUPPORTED_FEATURE",
      "nodeId" : "approve_1",
      "feature" : "approvals",
      "message" : "Feature 'approvals' is not supported by target 'tekton'.",
      "source" : "execution-readiness-report.json"
    }, {
      "code" : "TARGET_UNSUPPORTED_FEATURE",
      "nodeId" : "standard_rollback_1",
      "feature" : "standard.rollback",
      "message" : "Feature 'standard.rollback' is not supported by target 'tekton'.",
      "source" : "execution-readiness-report.json"
    } ]
  } ]
}
===== EXPORTED REFERENCE SNAPSHOT =====
/home/runner/work/FlowAi/FlowAi/conformance/snapshots/build-test-deploy
gradle/actions: Writing build results to /home/runner/work/_temp/.gradle-actions/build-results/__run_5-1784046813589.json

BUILD SUCCESSFUL in 1m 13s
3 actionable tasks: 3 executed
