+ printf '%s  %s\n' 59e5a4e86d9bd701eae04a364a3b1bc311686684c233ff1dcaf9154d48d947f0 .flow-agent/internal/variant2.part-000 c2273f9b08665280dc1c6e9053087c2c61f03e9b4b9382b2506b4dcabadd7381 .flow-agent/internal/variant2.part-001 378ee189e3d470a6cc37795db2225c1f1c0b01a47974f24384d76b6956b83b3e .flow-agent/internal/variant2.part-01 d4c4a474971cb9ee675b7358c4c1f8a53906d0c7d72835de565de777fd2c3e3c .flow-agent/internal/variant2.part-02 e9fd70b9111647f85024f9153363a86c83850c67a09e5d492d1446216c5e0d88 .flow-agent/internal/variant2.part-030 59be9198a4078043b56c4b25db2f891b1a950e0b014c84fb201587dbc3d6f2b9 .flow-agent/internal/variant2.part-031 dae34409dd7cc588d06c00acabbf322eba9a4b70c3b9ecab8f7f60f51ad005d3 .flow-agent/internal/variant2.part-04 23040102e07eadff9c23e5b700840cff32a0157367ac892ef8415d9c22eb407d .flow-agent/internal/variant2.part-05 0ad344797c9ca8b07e80d1cb9121a243ff611357a7c6b508b46d25aa46588241 .flow-agent/internal/variant2.part-06
+ sha256sum --check --strict
.flow-agent/internal/variant2.part-000: OK
.flow-agent/internal/variant2.part-001: OK
.flow-agent/internal/variant2.part-01: OK
.flow-agent/internal/variant2.part-02: OK
.flow-agent/internal/variant2.part-030: OK
.flow-agent/internal/variant2.part-031: OK
.flow-agent/internal/variant2.part-04: OK
.flow-agent/internal/variant2.part-05: OK
.flow-agent/internal/variant2.part-06: OK
++ mktemp
+ encoded=/tmp/tmp.6OlNwGOTs4
++ mktemp
+ compressed=/tmp/tmp.9AMEGviKpx
++ mktemp
+ patch_file=/tmp/tmp.oYmxe9ocgA
+ cat .flow-agent/internal/variant2.part-000 .flow-agent/internal/variant2.part-001 .flow-agent/internal/variant2.part-01 .flow-agent/internal/variant2.part-02 .flow-agent/internal/variant2.part-030 .flow-agent/internal/variant2.part-031 .flow-agent/internal/variant2.part-04 .flow-agent/internal/variant2.part-05 .flow-agent/internal/variant2.part-06
++ wc -c
+ test 34704 = 34704
++ sha256sum /tmp/tmp.6OlNwGOTs4
++ awk '{print $1}'
+ test 3d72b1763df7cf72cb9067c6bb7c243ecfaa66351516ecd00e87c0524a627e6c = 3d72b1763df7cf72cb9067c6bb7c243ecfaa66351516ecd00e87c0524a627e6c
+ base64 --decode /tmp/tmp.6OlNwGOTs4
++ sha256sum /tmp/tmp.9AMEGviKpx
++ awk '{print $1}'
+ test 4b508c823f51268185d0a86090a4a5235bb86257b1787fa44f5436812eaccc34 = 4b508c823f51268185d0a86090a4a5235bb86257b1787fa44f5436812eaccc34
+ gzip --decompress --stdout /tmp/tmp.9AMEGviKpx
++ sha256sum /tmp/tmp.oYmxe9ocgA
++ awk '{print $1}'
+ test 24166a3b39c80a3eb1f731f54da5a0663070ab5f944f7973cf77ab191a4e77d3 = 24166a3b39c80a3eb1f731f54da5a0663070ab5f944f7973cf77ab191a4e77d3
+ git apply --check --verbose /tmp/tmp.oYmxe9ocgA
Checking patch schemas/cli-target-outcome.schema.json...
Checking patch schemas/target-selection-evidence.schema.json...
Checking patch src/main/kotlin/org/flowlang/architecture/CiCdBiasInventory.kt...
Checking patch src/main/kotlin/org/flowlang/artifacts/ArtifactEvidence.kt...
Checking patch src/main/kotlin/org/flowlang/artifacts/FlowArtifactBundle.kt...
Checking patch src/main/kotlin/org/flowlang/artifacts/StandardContractIndex.kt...
Checking patch src/main/kotlin/org/flowlang/cli/CliTargetProjectionComposition.kt...
Checking patch src/main/kotlin/org/flowlang/cli/honest/CliExecution.kt...
Checking patch src/main/kotlin/org/flowlang/cli/honest/CliTargetEvidenceAuthority.kt...
Checking patch src/main/kotlin/org/flowlang/cli/honest/HonestFlowCli.kt...
Checking patch src/main/kotlin/org/flowlang/cli/honest/StandardCliCommands.kt...
Checking patch src/main/kotlin/org/flowlang/conformance/CliReleaseHonestyChecks.kt...
Checking patch src/main/kotlin/org/flowlang/conformance/ClosureBlockingIntegrityChecks.kt...
Checking patch src/main/kotlin/org/flowlang/conformance/ConformanceCheckSupport.kt...
Checking patch src/main/kotlin/org/flowlang/conformance/ConformanceManifest.kt...
Checking patch src/main/kotlin/org/flowlang/conformance/DecisionAndArtifactChecks.kt...
Checking patch src/main/kotlin/org/flowlang/conformance/PlanningReadinessChecks.kt...
Checking patch src/main/kotlin/org/flowlang/conformance/ProjectionSurfaceChecks.kt...
Checking patch src/main/kotlin/org/flowlang/conformance/ReferenceSnapshotBundleGenerator.kt...
Checking patch src/main/kotlin/org/flowlang/generators/manifest/MandatoryMaterializationAuthority.kt...
Checking patch src/main/kotlin/org/flowlang/generators/manifest/TargetProjectionProvider.kt...
Checking patch src/main/kotlin/org/flowlang/intent/IntentDesignAnalyzer.kt...
Checking patch src/main/kotlin/org/flowlang/materialization/TargetSelection.kt...
Checking patch src/main/kotlin/org/flowlang/standard/StandardDiagnosticCatalog.kt...
Checking patch src/test/kotlin/AbstractExecutionTopologyModelTests.kt...
Checking patch src/test/kotlin/CliDiagnosticReleaseHonestyTests.kt...
Checking patch src/test/kotlin/ClosureBlockingTopologyIntegrityTests.kt...
Checking patch src/test/kotlin/CoreTargetProjectionBoundaryTests.kt...
Checking patch src/test/kotlin/DerivedModelGovernanceIntegrityTests.kt...
Checking patch src/test/kotlin/MandatoryMaterializationAuthorityTests.kt...
Checking patch src/test/kotlin/PlannerCapabilityConstraintTests.kt...
Checking patch src/test/kotlin/ProjectionAuthorizationTestSupport.kt...
Checking patch src/test/kotlin/ReferenceScenarioMatrixTests.kt...
Checking patch src/test/kotlin/RetainedDerivedProjectionIntegrityTests.kt...
Checking patch src/test/kotlin/TargetSelectionAuthorityTests.kt...
Checking patch src/test/kotlin/UniversalControlPolicyRequirementsTests.kt...
Checking patch src/test/kotlin/UniversalDependencyContinuityContractTests.kt...
Checking patch src/test/kotlin/UniversalEffectStateTransitionModelTests.kt...
Checking patch src/test/kotlin/UniversalModelCompletionTests.kt...
Checking patch tests/FlowCiCdBiasInventoryTests.kt...
Checking patch tests/FlowExecutionReadinessTests.kt...
Checking patch tests/FlowFirstExecutableReferenceScenarioTests.kt...
Checking patch tests/FlowReferenceSnapshotHonestyResetTests.kt...
Checking patch tests/FlowTargetDecisionTraceTests.kt...
Checking patch tests/FlowTargetSelectionTests.kt...
Checking patch tests/ProjectionAuthorizationTestSupport.kt...
+ git apply --verbose /tmp/tmp.oYmxe9ocgA
Checking patch schemas/cli-target-outcome.schema.json...
Checking patch schemas/target-selection-evidence.schema.json...
Checking patch src/main/kotlin/org/flowlang/architecture/CiCdBiasInventory.kt...
Checking patch src/main/kotlin/org/flowlang/artifacts/ArtifactEvidence.kt...
Checking patch src/main/kotlin/org/flowlang/artifacts/FlowArtifactBundle.kt...
Checking patch src/main/kotlin/org/flowlang/artifacts/StandardContractIndex.kt...
Checking patch src/main/kotlin/org/flowlang/cli/CliTargetProjectionComposition.kt...
Checking patch src/main/kotlin/org/flowlang/cli/honest/CliExecution.kt...
Checking patch src/main/kotlin/org/flowlang/cli/honest/CliTargetEvidenceAuthority.kt...
Checking patch src/main/kotlin/org/flowlang/cli/honest/HonestFlowCli.kt...
Checking patch src/main/kotlin/org/flowlang/cli/honest/StandardCliCommands.kt...
Checking patch src/main/kotlin/org/flowlang/conformance/CliReleaseHonestyChecks.kt...
Checking patch src/main/kotlin/org/flowlang/conformance/ClosureBlockingIntegrityChecks.kt...
Checking patch src/main/kotlin/org/flowlang/conformance/ConformanceCheckSupport.kt...
Checking patch src/main/kotlin/org/flowlang/conformance/ConformanceManifest.kt...
Checking patch src/main/kotlin/org/flowlang/conformance/DecisionAndArtifactChecks.kt...
Checking patch src/main/kotlin/org/flowlang/conformance/PlanningReadinessChecks.kt...
Checking patch src/main/kotlin/org/flowlang/conformance/ProjectionSurfaceChecks.kt...
Checking patch src/main/kotlin/org/flowlang/conformance/ReferenceSnapshotBundleGenerator.kt...
Checking patch src/main/kotlin/org/flowlang/generators/manifest/MandatoryMaterializationAuthority.kt...
Checking patch src/main/kotlin/org/flowlang/generators/manifest/TargetProjectionProvider.kt...
Checking patch src/main/kotlin/org/flowlang/intent/IntentDesignAnalyzer.kt...
Checking patch src/main/kotlin/org/flowlang/materialization/TargetSelection.kt...
Checking patch src/main/kotlin/org/flowlang/standard/StandardDiagnosticCatalog.kt...
Checking patch src/test/kotlin/AbstractExecutionTopologyModelTests.kt...
Checking patch src/test/kotlin/CliDiagnosticReleaseHonestyTests.kt...
Checking patch src/test/kotlin/ClosureBlockingTopologyIntegrityTests.kt...
Checking patch src/test/kotlin/CoreTargetProjectionBoundaryTests.kt...
Checking patch src/test/kotlin/DerivedModelGovernanceIntegrityTests.kt...
Checking patch src/test/kotlin/MandatoryMaterializationAuthorityTests.kt...
Checking patch src/test/kotlin/PlannerCapabilityConstraintTests.kt...
Checking patch src/test/kotlin/ProjectionAuthorizationTestSupport.kt...
Checking patch src/test/kotlin/ReferenceScenarioMatrixTests.kt...
Checking patch src/test/kotlin/RetainedDerivedProjectionIntegrityTests.kt...
Checking patch src/test/kotlin/TargetSelectionAuthorityTests.kt...
Checking patch src/test/kotlin/UniversalControlPolicyRequirementsTests.kt...
Checking patch src/test/kotlin/UniversalDependencyContinuityContractTests.kt...
Checking patch src/test/kotlin/UniversalEffectStateTransitionModelTests.kt...
Checking patch src/test/kotlin/UniversalModelCompletionTests.kt...
Checking patch tests/FlowCiCdBiasInventoryTests.kt...
Checking patch tests/FlowExecutionReadinessTests.kt...
Checking patch tests/FlowFirstExecutableReferenceScenarioTests.kt...
Checking patch tests/FlowReferenceSnapshotHonestyResetTests.kt...
Checking patch tests/FlowTargetDecisionTraceTests.kt...
Checking patch tests/FlowTargetSelectionTests.kt...
Checking patch tests/ProjectionAuthorizationTestSupport.kt...
Applied patch schemas/cli-target-outcome.schema.json cleanly.
Applied patch schemas/target-selection-evidence.schema.json cleanly.
Applied patch src/main/kotlin/org/flowlang/architecture/CiCdBiasInventory.kt cleanly.
Applied patch src/main/kotlin/org/flowlang/artifacts/ArtifactEvidence.kt cleanly.
Applied patch src/main/kotlin/org/flowlang/artifacts/FlowArtifactBundle.kt cleanly.
Applied patch src/main/kotlin/org/flowlang/artifacts/StandardContractIndex.kt cleanly.
Applied patch src/main/kotlin/org/flowlang/cli/CliTargetProjectionComposition.kt cleanly.
Applied patch src/main/kotlin/org/flowlang/cli/honest/CliExecution.kt cleanly.
Applied patch src/main/kotlin/org/flowlang/cli/honest/CliTargetEvidenceAuthority.kt cleanly.
Applied patch src/main/kotlin/org/flowlang/cli/honest/HonestFlowCli.kt cleanly.
Applied patch src/main/kotlin/org/flowlang/cli/honest/StandardCliCommands.kt cleanly.
Applied patch src/main/kotlin/org/flowlang/conformance/CliReleaseHonestyChecks.kt cleanly.
Applied patch src/main/kotlin/org/flowlang/conformance/ClosureBlockingIntegrityChecks.kt cleanly.
Applied patch src/main/kotlin/org/flowlang/conformance/ConformanceCheckSupport.kt cleanly.
Applied patch src/main/kotlin/org/flowlang/conformance/ConformanceManifest.kt cleanly.
Applied patch src/main/kotlin/org/flowlang/conformance/DecisionAndArtifactChecks.kt cleanly.
Applied patch src/main/kotlin/org/flowlang/conformance/PlanningReadinessChecks.kt cleanly.
Applied patch src/main/kotlin/org/flowlang/conformance/ProjectionSurfaceChecks.kt cleanly.
Applied patch src/main/kotlin/org/flowlang/conformance/ReferenceSnapshotBundleGenerator.kt cleanly.
Applied patch src/main/kotlin/org/flowlang/generators/manifest/MandatoryMaterializationAuthority.kt cleanly.
Applied patch src/main/kotlin/org/flowlang/generators/manifest/TargetProjectionProvider.kt cleanly.
Applied patch src/main/kotlin/org/flowlang/intent/IntentDesignAnalyzer.kt cleanly.
Applied patch src/main/kotlin/org/flowlang/materialization/TargetSelection.kt cleanly.
Applied patch src/main/kotlin/org/flowlang/standard/StandardDiagnosticCatalog.kt cleanly.
Applied patch src/test/kotlin/AbstractExecutionTopologyModelTests.kt cleanly.
Applied patch src/test/kotlin/CliDiagnosticReleaseHonestyTests.kt cleanly.
Applied patch src/test/kotlin/ClosureBlockingTopologyIntegrityTests.kt cleanly.
Applied patch src/test/kotlin/CoreTargetProjectionBoundaryTests.kt cleanly.
Applied patch src/test/kotlin/DerivedModelGovernanceIntegrityTests.kt cleanly.
Applied patch src/test/kotlin/MandatoryMaterializationAuthorityTests.kt cleanly.
Applied patch src/test/kotlin/PlannerCapabilityConstraintTests.kt cleanly.
Applied patch src/test/kotlin/ProjectionAuthorizationTestSupport.kt cleanly.
Applied patch src/test/kotlin/ReferenceScenarioMatrixTests.kt cleanly.
Applied patch src/test/kotlin/RetainedDerivedProjectionIntegrityTests.kt cleanly.
Applied patch src/test/kotlin/TargetSelectionAuthorityTests.kt cleanly.
Applied patch src/test/kotlin/UniversalControlPolicyRequirementsTests.kt cleanly.
Applied patch src/test/kotlin/UniversalDependencyContinuityContractTests.kt cleanly.
Applied patch src/test/kotlin/UniversalEffectStateTransitionModelTests.kt cleanly.
Applied patch src/test/kotlin/UniversalModelCompletionTests.kt cleanly.
Applied patch tests/FlowCiCdBiasInventoryTests.kt cleanly.
Applied patch tests/FlowExecutionReadinessTests.kt cleanly.
Applied patch tests/FlowFirstExecutableReferenceScenarioTests.kt cleanly.
Applied patch tests/FlowReferenceSnapshotHonestyResetTests.kt cleanly.
Applied patch tests/FlowTargetDecisionTraceTests.kt cleanly.
Applied patch tests/FlowTargetSelectionTests.kt cleanly.
Applied patch tests/ProjectionAuthorizationTestSupport.kt cleanly.
+ rm -rf .flow-agent/internal
+ rm -f .github/workflows/internal-source-snapshot.yml
+ git add -A
